// Jest Snapshot v1, https://goo.gl/fbAQLP

exports[`<RequestReset/> renders and matches snapshot 1`] = `
<div>
  <form
    class="Form-sc-1xszr8q-0 JYcwP"
    method="post"
  >
    <h2>
      Forgot your password?
    </h2>
    <fieldset
      aria-busy="false"
    >
      <label
        for="email"
      >
        Email
        <input
          autocomplete="email"
          id="signEmail"
          name="email"
          placeholder="your email"
          type="email"
          value="Email"
        />
      </label>
      <button
        type="submit"
      >
        Request Reset
      </button>
    </fieldset>
  </form>
</div>
`;
